// Jest Snapshot v1, https://goo.gl/fbAQLP

exports[`TestingComponent snapshot renders 1`] = `
<div>
  <h1>
    My Counter
  </h1>
  <h4>
    <i>
      This page use for testing purpose only with React and Enzyme for async testing
    </i>
  </h4>
  <div>
    <p>
      0
    </p>
  </div>
  <button
    onClick={[Function]}
    type="button"
  >
    Increment
  </button>
  <button
    className="ml-1"
    onClick={[Function]}
    type="button"
  >
    Decrement
  </button>
  <h2>
    My Async Data
  </h2>
  <ul />
</div>
`;
